Archive member included because of file (symbol)

/Users/Adam/code/PebbleTest/lib/libpebble.a(tmpHZgwt9pebble_os.o)
                              src/alerta.c.1.o (app_event_loop)

Allocating common symbols
Common symbol       size              file

timer_handle        0x4               src/alerta.c.1.o
rapeText            0x38              src/alerta.c.1.o
image               0x44              src/alerta.c.1.o
str                 0x14              src/alerta.c.1.o
window              0x58              src/alerta.c.1.o

Discarded input sections

 .text          0x0000000000000000        0x0 /Users/Adam/pebble-dev/arm-cs-tools/bin/../lib/gcc/arm-none-eabi/4.6.3/thumb2/crti.o
 .bss           0x0000000000000000        0x0 /Users/Adam/pebble-dev/arm-cs-tools/bin/../lib/gcc/arm-none-eabi/4.6.3/thumb2/crti.o
 .init          0x0000000000000000        0x4 /Users/Adam/pebble-dev/arm-cs-tools/bin/../lib/gcc/arm-none-eabi/4.6.3/thumb2/crti.o
 .fini          0x0000000000000000        0x4 /Users/Adam/pebble-dev/arm-cs-tools/bin/../lib/gcc/arm-none-eabi/4.6.3/thumb2/crti.o
 .text          0x0000000000000000       0x68 /Users/Adam/pebble-dev/arm-cs-tools/bin/../lib/gcc/arm-none-eabi/4.6.3/thumb2/crtbegin.o
 .bss           0x0000000000000000       0x1c /Users/Adam/pebble-dev/arm-cs-tools/bin/../lib/gcc/arm-none-eabi/4.6.3/thumb2/crtbegin.o
 .init_array    0x0000000000000000        0x4 /Users/Adam/pebble-dev/arm-cs-tools/bin/../lib/gcc/arm-none-eabi/4.6.3/thumb2/crtbegin.o
 .fini_array    0x0000000000000000        0x4 /Users/Adam/pebble-dev/arm-cs-tools/bin/../lib/gcc/arm-none-eabi/4.6.3/thumb2/crtbegin.o
 .eh_frame      0x0000000000000000        0x0 /Users/Adam/pebble-dev/arm-cs-tools/bin/../lib/gcc/arm-none-eabi/4.6.3/thumb2/crtbegin.o
 .jcr           0x0000000000000000        0x0 /Users/Adam/pebble-dev/arm-cs-tools/bin/../lib/gcc/arm-none-eabi/4.6.3/thumb2/crtbegin.o
 .text          0x0000000000000000        0x0 src/alerta.c.1.o
 .bss           0x0000000000000000        0x0 src/alerta.c.1.o
 .text.layer_update_callback
                0x0000000000000000       0x50 src/alerta.c.1.o
 .text.handle_timer
                0x0000000000000000        0x2 src/alerta.c.1.o
 .text          0x0000000000000000        0x0 src/http.c.1.o
 .bss           0x0000000000000000        0x0 src/http.c.1.o
 .text.app_send_failed
                0x0000000000000000       0x18 src/http.c.1.o
 .text.app_dropped
                0x0000000000000000       0x1c src/http.c.1.o
 .text.http_out_get
                0x0000000000000000       0x4c src/http.c.1.o
 .text.http_out_send
                0x0000000000000000       0x10 src/http.c.1.o
 .text.http_register_callbacks
                0x0000000000000000       0xa0 src/http.c.1.o
 .text.floatFromUint32
                0x0000000000000000        0x2 src/http.c.1.o
 .text.app_received
                0x0000000000000000      0x298 src/http.c.1.o
 .text.http_time_request
                0x0000000000000000       0x2a src/http.c.1.o
 .text.http_location_request
                0x0000000000000000       0x2a src/http.c.1.o
 .text.http_set_app_id
                0x0000000000000000        0xc src/http.c.1.o
 .text.http_cookie_set_start
                0x0000000000000000       0x3c src/http.c.1.o
 .text.http_cookie_set_end
                0x0000000000000000       0x10 src/http.c.1.o
 .text.http_cookie_get_multiple
                0x0000000000000000       0x6c src/http.c.1.o
 .text.http_cookie_delete_multiple
                0x0000000000000000       0x6c src/http.c.1.o
 .text.http_cookie_fsync
                0x0000000000000000       0x34 src/http.c.1.o
 .text.http_cookie_set_int
                0x0000000000000000       0x36 src/http.c.1.o
 .text.http_cookie_set_cstring
                0x0000000000000000       0x2a src/http.c.1.o
 .text.http_cookie_set_data
                0x0000000000000000       0x2e src/http.c.1.o
 .text.http_cookie_get
                0x0000000000000000       0x12 src/http.c.1.o
 .text.http_cookie_delete
                0x0000000000000000       0x12 src/http.c.1.o
 .text.http_cookie_set_int32
                0x0000000000000000       0x18 src/http.c.1.o
 .text.http_cookie_set_uint32
                0x0000000000000000       0x18 src/http.c.1.o
 .text.http_cookie_set_int16
                0x0000000000000000       0x18 src/http.c.1.o
 .text.http_cookie_set_uint16
                0x0000000000000000       0x18 src/http.c.1.o
 .text.http_cookie_set_int8
                0x0000000000000000       0x16 src/http.c.1.o
 .text.http_cookie_set_uint8
                0x0000000000000000       0x18 src/http.c.1.o
 .bss.our_app_id
                0x0000000000000000        0x4 src/http.c.1.o
 .bss.app_callbacks
                0x0000000000000000       0x1c src/http.c.1.o
 .bss.http_callbacks
                0x0000000000000000       0x28 src/http.c.1.o
 .bss.callbacks_registered
                0x0000000000000000        0x1 src/http.c.1.o
 .text          0x0000000000000000        0x0 src/mini-printf.c.1.o
 .bss           0x0000000000000000        0x0 src/mini-printf.c.1.o
 .text.mini_itoa
                0x0000000000000000       0x82 src/mini-printf.c.1.o
 .text._putc.4098
                0x0000000000000000       0x26 src/mini-printf.c.1.o
 .text._puts.4102
                0x0000000000000000       0x38 src/mini-printf.c.1.o
 .text.mini_vsnprintf
                0x0000000000000000       0xde src/mini-printf.c.1.o
 .text.mini_snprintf
                0x0000000000000000       0x18 src/mini-printf.c.1.o
 .bss           0x0000000000000000        0x0 /Users/Adam/code/PebbleTest/lib/libpebble.a(tmpHZgwt9pebble_os.o)
 .text.animation_init
                0x0000000000000000        0xc /Users/Adam/code/PebbleTest/lib/libpebble.a(tmpHZgwt9pebble_os.o)
 .text.animation_set_delay
                0x0000000000000000        0xc /Users/Adam/code/PebbleTest/lib/libpebble.a(tmpHZgwt9pebble_os.o)
 .text.animation_set_duration
                0x0000000000000000        0xc /Users/Adam/code/PebbleTest/lib/libpebble.a(tmpHZgwt9pebble_os.o)
 .text.animation_set_curve
                0x0000000000000000        0xc /Users/Adam/code/PebbleTest/lib/libpebble.a(tmpHZgwt9pebble_os.o)
 .text.animation_set_handlers
                0x0000000000000000        0xc /Users/Adam/code/PebbleTest/lib/libpebble.a(tmpHZgwt9pebble_os.o)
 .text.animation_set_implementation
                0x0000000000000000        0xc /Users/Adam/code/PebbleTest/lib/libpebble.a(tmpHZgwt9pebble_os.o)
 .text.animation_get_context
                0x0000000000000000        0xc /Users/Adam/code/PebbleTest/lib/libpebble.a(tmpHZgwt9pebble_os.o)
 .text.animation_schedule
                0x0000000000000000        0xc /Users/Adam/code/PebbleTest/lib/libpebble.a(tmpHZgwt9pebble_os.o)
 .text.animation_unschedule
                0x0000000000000000        0xc /Users/Adam/code/PebbleTest/lib/libpebble.a(tmpHZgwt9pebble_os.o)
 .text.animation_unschedule_all
                0x0000000000000000        0xc /Users/Adam/code/PebbleTest/lib/libpebble.a(tmpHZgwt9pebble_os.o)
 .text.animation_is_scheduled
                0x0000000000000000        0xc /Users/Adam/code/PebbleTest/lib/libpebble.a(tmpHZgwt9pebble_os.o)
 .text.app_timer_send_event
                0x0000000000000000        0xc /Users/Adam/code/PebbleTest/lib/libpebble.a(tmpHZgwt9pebble_os.o)
 .text.app_timer_cancel_event
                0x0000000000000000        0xc /Users/Adam/code/PebbleTest/lib/libpebble.a(tmpHZgwt9pebble_os.o)
 .text.cos_lookup
                0x0000000000000000        0xc /Users/Adam/code/PebbleTest/lib/libpebble.a(tmpHZgwt9pebble_os.o)
 .text.fonts_load_custom_font
                0x0000000000000000        0xc /Users/Adam/code/PebbleTest/lib/libpebble.a(tmpHZgwt9pebble_os.o)
 .text.fonts_unload_custom_font
                0x0000000000000000        0xc /Users/Adam/code/PebbleTest/lib/libpebble.a(tmpHZgwt9pebble_os.o)
 .text.graphics_context_set_stroke_color
                0x0000000000000000        0xc /Users/Adam/code/PebbleTest/lib/libpebble.a(tmpHZgwt9pebble_os.o)
 .text.graphics_context_set_fill_color
                0x0000000000000000        0xc /Users/Adam/code/PebbleTest/lib/libpebble.a(tmpHZgwt9pebble_os.o)
 .text.graphics_context_set_text_color
                0x0000000000000000        0xc /Users/Adam/code/PebbleTest/lib/libpebble.a(tmpHZgwt9pebble_os.o)
 .text.graphics_context_set_compositing_mode
                0x0000000000000000        0xc /Users/Adam/code/PebbleTest/lib/libpebble.a(tmpHZgwt9pebble_os.o)
 .text.graphics_draw_pixel
                0x0000000000000000        0xc /Users/Adam/code/PebbleTest/lib/libpebble.a(tmpHZgwt9pebble_os.o)
 .text.graphics_draw_line
                0x0000000000000000        0xc /Users/Adam/code/PebbleTest/lib/libpebble.a(tmpHZgwt9pebble_os.o)
 .text.graphics_fill_rect
                0x0000000000000000        0xc /Users/Adam/code/PebbleTest/lib/libpebble.a(tmpHZgwt9pebble_os.o)
 .text.graphics_draw_circle
                0x0000000000000000        0xc /Users/Adam/code/PebbleTest/lib/libpebble.a(tmpHZgwt9pebble_os.o)
 .text.graphics_fill_circle
                0x0000000000000000        0xc /Users/Adam/code/PebbleTest/lib/libpebble.a(tmpHZgwt9pebble_os.o)
 .text.graphics_draw_round_rect
                0x0000000000000000        0xc /Users/Adam/code/PebbleTest/lib/libpebble.a(tmpHZgwt9pebble_os.o)
 .text.get_time
                0x0000000000000000        0xc /Users/Adam/code/PebbleTest/lib/libpebble.a(tmpHZgwt9pebble_os.o)
 .text.gpath_init
                0x0000000000000000        0xc /Users/Adam/code/PebbleTest/lib/libpebble.a(tmpHZgwt9pebble_os.o)
 .text.gpath_move_to
                0x0000000000000000        0xc /Users/Adam/code/PebbleTest/lib/libpebble.a(tmpHZgwt9pebble_os.o)
 .text.gpath_rotate_to
                0x0000000000000000        0xc /Users/Adam/code/PebbleTest/lib/libpebble.a(tmpHZgwt9pebble_os.o)
 .text.gpath_draw_outline
                0x0000000000000000        0xc /Users/Adam/code/PebbleTest/lib/libpebble.a(tmpHZgwt9pebble_os.o)
 .text.gpath_draw_filled
                0x0000000000000000        0xc /Users/Adam/code/PebbleTest/lib/libpebble.a(tmpHZgwt9pebble_os.o)
 .text.grect_center_point
                0x0000000000000000        0xc /Users/Adam/code/PebbleTest/lib/libpebble.a(tmpHZgwt9pebble_os.o)
 .text.layer_mark_dirty
                0x0000000000000000        0xc /Users/Adam/code/PebbleTest/lib/libpebble.a(tmpHZgwt9pebble_os.o)
 .text.layer_remove_from_parent
                0x0000000000000000        0xc /Users/Adam/code/PebbleTest/lib/libpebble.a(tmpHZgwt9pebble_os.o)
 .text.layer_get_frame
                0x0000000000000000        0xc /Users/Adam/code/PebbleTest/lib/libpebble.a(tmpHZgwt9pebble_os.o)
 .text.layer_set_frame
                0x0000000000000000        0xc /Users/Adam/code/PebbleTest/lib/libpebble.a(tmpHZgwt9pebble_os.o)
 .text.layer_set_hidden
                0x0000000000000000        0xc /Users/Adam/code/PebbleTest/lib/libpebble.a(tmpHZgwt9pebble_os.o)
 .text.layer_init
                0x0000000000000000        0xc /Users/Adam/code/PebbleTest/lib/libpebble.a(tmpHZgwt9pebble_os.o)
 .text.light_enable
                0x0000000000000000        0xc /Users/Adam/code/PebbleTest/lib/libpebble.a(tmpHZgwt9pebble_os.o)
 .text.light_enable_interaction
                0x0000000000000000        0xc /Users/Adam/code/PebbleTest/lib/libpebble.a(tmpHZgwt9pebble_os.o)
 .text.psleep   0x0000000000000000        0xc /Users/Adam/code/PebbleTest/lib/libpebble.a(tmpHZgwt9pebble_os.o)
 .text.resource_get_handle
                0x0000000000000000        0xc /Users/Adam/code/PebbleTest/lib/libpebble.a(tmpHZgwt9pebble_os.o)
 .text.resource_load
                0x0000000000000000        0xc /Users/Adam/code/PebbleTest/lib/libpebble.a(tmpHZgwt9pebble_os.o)
 .text.resource_load_byte_range
                0x0000000000000000        0xc /Users/Adam/code/PebbleTest/lib/libpebble.a(tmpHZgwt9pebble_os.o)
 .text.resource_size
                0x0000000000000000        0xc /Users/Adam/code/PebbleTest/lib/libpebble.a(tmpHZgwt9pebble_os.o)
 .text.rotbmp_deinit_container
                0x0000000000000000        0xc /Users/Adam/code/PebbleTest/lib/libpebble.a(tmpHZgwt9pebble_os.o)
 .text.rotbmp_init_container
                0x0000000000000000        0xc /Users/Adam/code/PebbleTest/lib/libpebble.a(tmpHZgwt9pebble_os.o)
 .text.rotbmp_pair_deinit_container
                0x0000000000000000        0xc /Users/Adam/code/PebbleTest/lib/libpebble.a(tmpHZgwt9pebble_os.o)
 .text.rotbmp_pair_init_container
                0x0000000000000000        0xc /Users/Adam/code/PebbleTest/lib/libpebble.a(tmpHZgwt9pebble_os.o)
 .text.rotbmp_pair_layer_set_src_ic
                0x0000000000000000        0xc /Users/Adam/code/PebbleTest/lib/libpebble.a(tmpHZgwt9pebble_os.o)
 .text.rotbmp_pair_layer_set_angle
                0x0000000000000000        0xc /Users/Adam/code/PebbleTest/lib/libpebble.a(tmpHZgwt9pebble_os.o)
 .text.window_set_background_color
                0x0000000000000000        0xc /Users/Adam/code/PebbleTest/lib/libpebble.a(tmpHZgwt9pebble_os.o)
 .text.window_render
                0x0000000000000000        0xc /Users/Adam/code/PebbleTest/lib/libpebble.a(tmpHZgwt9pebble_os.o)
 .text.window_set_fullscreen
                0x0000000000000000        0xc /Users/Adam/code/PebbleTest/lib/libpebble.a(tmpHZgwt9pebble_os.o)
 .text.sin_lookup
                0x0000000000000000        0xc /Users/Adam/code/PebbleTest/lib/libpebble.a(tmpHZgwt9pebble_os.o)
 .text.string_format_time
                0x0000000000000000        0xc /Users/Adam/code/PebbleTest/lib/libpebble.a(tmpHZgwt9pebble_os.o)
 .text.text_layer_get_text
                0x0000000000000000        0xc /Users/Adam/code/PebbleTest/lib/libpebble.a(tmpHZgwt9pebble_os.o)
 .text.text_layer_set_text_color
                0x0000000000000000        0xc /Users/Adam/code/PebbleTest/lib/libpebble.a(tmpHZgwt9pebble_os.o)
 .text.text_layer_set_background_color
                0x0000000000000000        0xc /Users/Adam/code/PebbleTest/lib/libpebble.a(tmpHZgwt9pebble_os.o)
 .text.vibes_double_pulse
                0x0000000000000000        0xc /Users/Adam/code/PebbleTest/lib/libpebble.a(tmpHZgwt9pebble_os.o)
 .text.vibes_enqueue_custom_pattern
                0x0000000000000000        0xc /Users/Adam/code/PebbleTest/lib/libpebble.a(tmpHZgwt9pebble_os.o)
 .text.vibes_long_pulse
                0x0000000000000000        0xc /Users/Adam/code/PebbleTest/lib/libpebble.a(tmpHZgwt9pebble_os.o)
 .text.vibes_short_pulse
                0x0000000000000000        0xc /Users/Adam/code/PebbleTest/lib/libpebble.a(tmpHZgwt9pebble_os.o)
 .text.app_get_current_graphics_context
                0x0000000000000000        0xc /Users/Adam/code/PebbleTest/lib/libpebble.a(tmpHZgwt9pebble_os.o)
 .text.clock_is_24h_style
                0x0000000000000000        0xc /Users/Adam/code/PebbleTest/lib/libpebble.a(tmpHZgwt9pebble_os.o)
 .text.property_animation_init_layer_frame
                0x0000000000000000        0xc /Users/Adam/code/PebbleTest/lib/libpebble.a(tmpHZgwt9pebble_os.o)
 .text.graphics_draw_bitmap_in_rect
                0x0000000000000000        0xc /Users/Adam/code/PebbleTest/lib/libpebble.a(tmpHZgwt9pebble_os.o)
 .text.graphics_text_draw
                0x0000000000000000        0xc /Users/Adam/code/PebbleTest/lib/libpebble.a(tmpHZgwt9pebble_os.o)
 .text.layer_set_bounds
                0x0000000000000000        0xc /Users/Adam/code/PebbleTest/lib/libpebble.a(tmpHZgwt9pebble_os.o)
 .text.layer_get_bounds
                0x0000000000000000        0xc /Users/Adam/code/PebbleTest/lib/libpebble.a(tmpHZgwt9pebble_os.o)
 .text.layer_set_update_proc
                0x0000000000000000        0xc /Users/Adam/code/PebbleTest/lib/libpebble.a(tmpHZgwt9pebble_os.o)
 .text.layer_get_window
                0x0000000000000000        0xc /Users/Adam/code/PebbleTest/lib/libpebble.a(tmpHZgwt9pebble_os.o)
 .text.layer_remove_child_layers
                0x0000000000000000        0xc /Users/Adam/code/PebbleTest/lib/libpebble.a(tmpHZgwt9pebble_os.o)
 .text.layer_insert_below_sibling
                0x0000000000000000        0xc /Users/Adam/code/PebbleTest/lib/libpebble.a(tmpHZgwt9pebble_os.o)
 .text.layer_insert_above_sibling
                0x0000000000000000        0xc /Users/Adam/code/PebbleTest/lib/libpebble.a(tmpHZgwt9pebble_os.o)
 .text.layer_get_hidden
                0x0000000000000000        0xc /Users/Adam/code/PebbleTest/lib/libpebble.a(tmpHZgwt9pebble_os.o)
 .text.layer_set_clips
                0x0000000000000000        0xc /Users/Adam/code/PebbleTest/lib/libpebble.a(tmpHZgwt9pebble_os.o)
 .text.layer_get_clips
                0x0000000000000000        0xc /Users/Adam/code/PebbleTest/lib/libpebble.a(tmpHZgwt9pebble_os.o)
 .text.text_layer_get_max_used_size
                0x0000000000000000        0xc /Users/Adam/code/PebbleTest/lib/libpebble.a(tmpHZgwt9pebble_os.o)
 .text.text_layer_set_size
                0x0000000000000000        0xc /Users/Adam/code/PebbleTest/lib/libpebble.a(tmpHZgwt9pebble_os.o)
 .text.text_layer_set_overflow_mode
                0x0000000000000000        0xc /Users/Adam/code/PebbleTest/lib/libpebble.a(tmpHZgwt9pebble_os.o)
 .text.graphics_text_layout_get_max_used_size
                0x0000000000000000        0xc /Users/Adam/code/PebbleTest/lib/libpebble.a(tmpHZgwt9pebble_os.o)
 .text.inverter_layer_init
                0x0000000000000000        0xc /Users/Adam/code/PebbleTest/lib/libpebble.a(tmpHZgwt9pebble_os.o)
 .text.bitmap_layer_init
                0x0000000000000000        0xc /Users/Adam/code/PebbleTest/lib/libpebble.a(tmpHZgwt9pebble_os.o)
 .text.bitmap_layer_set_bitmap
                0x0000000000000000        0xc /Users/Adam/code/PebbleTest/lib/libpebble.a(tmpHZgwt9pebble_os.o)
 .text.bitmap_layer_set_alignment
                0x0000000000000000        0xc /Users/Adam/code/PebbleTest/lib/libpebble.a(tmpHZgwt9pebble_os.o)
 .text.bitmap_layer_set_background_color
                0x0000000000000000        0xc /Users/Adam/code/PebbleTest/lib/libpebble.a(tmpHZgwt9pebble_os.o)
 .text.bitmap_layer_set_compositing_mode
                0x0000000000000000        0xc /Users/Adam/code/PebbleTest/lib/libpebble.a(tmpHZgwt9pebble_os.o)
 .text.heap_bitmap_init
                0x0000000000000000        0xc /Users/Adam/code/PebbleTest/lib/libpebble.a(tmpHZgwt9pebble_os.o)
 .text.heap_bitmap_deinit
                0x0000000000000000        0xc /Users/Adam/code/PebbleTest/lib/libpebble.a(tmpHZgwt9pebble_os.o)
 .text.click_recognizer_get_button_id
                0x0000000000000000        0xc /Users/Adam/code/PebbleTest/lib/libpebble.a(tmpHZgwt9pebble_os.o)
 .text.click_number_of_clicks_counted
                0x0000000000000000        0xc /Users/Adam/code/PebbleTest/lib/libpebble.a(tmpHZgwt9pebble_os.o)
 .text.menu_cell_basic_draw
                0x0000000000000000        0xc /Users/Adam/code/PebbleTest/lib/libpebble.a(tmpHZgwt9pebble_os.o)
 .text.menu_cell_title_draw
                0x0000000000000000        0xc /Users/Adam/code/PebbleTest/lib/libpebble.a(tmpHZgwt9pebble_os.o)
 .text.menu_cell_basic_header_draw
                0x0000000000000000        0xc /Users/Adam/code/PebbleTest/lib/libpebble.a(tmpHZgwt9pebble_os.o)
 .text.menu_layer_init
                0x0000000000000000        0xc /Users/Adam/code/PebbleTest/lib/libpebble.a(tmpHZgwt9pebble_os.o)
 .text.menu_layer_get_layer
                0x0000000000000000        0xc /Users/Adam/code/PebbleTest/lib/libpebble.a(tmpHZgwt9pebble_os.o)
 .text.menu_layer_set_callbacks
                0x0000000000000000        0xc /Users/Adam/code/PebbleTest/lib/libpebble.a(tmpHZgwt9pebble_os.o)
 .text.menu_layer_set_click_config_onto_window
                0x0000000000000000        0xc /Users/Adam/code/PebbleTest/lib/libpebble.a(tmpHZgwt9pebble_os.o)
 .text.menu_layer_set_selected_next
                0x0000000000000000        0xc /Users/Adam/code/PebbleTest/lib/libpebble.a(tmpHZgwt9pebble_os.o)
 .text.menu_layer_set_selected_index
                0x0000000000000000        0xc /Users/Adam/code/PebbleTest/lib/libpebble.a(tmpHZgwt9pebble_os.o)
 .text.menu_layer_reload_data
                0x0000000000000000        0xc /Users/Adam/code/PebbleTest/lib/libpebble.a(tmpHZgwt9pebble_os.o)
 .text.menu_index_compare
                0x0000000000000000        0xc /Users/Adam/code/PebbleTest/lib/libpebble.a(tmpHZgwt9pebble_os.o)
 .text.scroll_layer_init
                0x0000000000000000        0xc /Users/Adam/code/PebbleTest/lib/libpebble.a(tmpHZgwt9pebble_os.o)
 .text.scroll_layer_add_child
                0x0000000000000000        0xc /Users/Adam/code/PebbleTest/lib/libpebble.a(tmpHZgwt9pebble_os.o)
 .text.scroll_layer_set_click_config_onto_window
                0x0000000000000000        0xc /Users/Adam/code/PebbleTest/lib/libpebble.a(tmpHZgwt9pebble_os.o)
 .text.scroll_layer_set_callbacks
                0x0000000000000000        0xc /Users/Adam/code/PebbleTest/lib/libpebble.a(tmpHZgwt9pebble_os.o)
 .text.scroll_layer_set_context
                0x0000000000000000        0xc /Users/Adam/code/PebbleTest/lib/libpebble.a(tmpHZgwt9pebble_os.o)
 .text.scroll_layer_set_content_offset
                0x0000000000000000        0xc /Users/Adam/code/PebbleTest/lib/libpebble.a(tmpHZgwt9pebble_os.o)
 .text.scroll_layer_get_content_offset
                0x0000000000000000        0xc /Users/Adam/code/PebbleTest/lib/libpebble.a(tmpHZgwt9pebble_os.o)
 .text.scroll_layer_set_content_size
                0x0000000000000000        0xc /Users/Adam/code/PebbleTest/lib/libpebble.a(tmpHZgwt9pebble_os.o)
 .text.scroll_layer_get_content_size
                0x0000000000000000        0xc /Users/Adam/code/PebbleTest/lib/libpebble.a(tmpHZgwt9pebble_os.o)
 .text.scroll_layer_set_frame
                0x0000000000000000        0xc /Users/Adam/code/PebbleTest/lib/libpebble.a(tmpHZgwt9pebble_os.o)
 .text.scroll_layer_scroll_up_click_handler
                0x0000000000000000        0xc /Users/Adam/code/PebbleTest/lib/libpebble.a(tmpHZgwt9pebble_os.o)
 .text.scroll_layer_scroll_down_click_handler
                0x0000000000000000        0xc /Users/Adam/code/PebbleTest/lib/libpebble.a(tmpHZgwt9pebble_os.o)
 .text.simple_menu_layer_init
                0x0000000000000000        0xc /Users/Adam/code/PebbleTest/lib/libpebble.a(tmpHZgwt9pebble_os.o)
 .text.simple_menu_layer_get_layer
                0x0000000000000000        0xc /Users/Adam/code/PebbleTest/lib/libpebble.a(tmpHZgwt9pebble_os.o)
 .text.simple_menu_layer_get_selected_index
                0x0000000000000000        0xc /Users/Adam/code/PebbleTest/lib/libpebble.a(tmpHZgwt9pebble_os.o)
 .text.simple_menu_layer_set_selected_index
                0x0000000000000000        0xc /Users/Adam/code/PebbleTest/lib/libpebble.a(tmpHZgwt9pebble_os.o)
 .text.window_deinit
                0x0000000000000000        0xc /Users/Adam/code/PebbleTest/lib/libpebble.a(tmpHZgwt9pebble_os.o)
 .text.window_set_click_config_provider_with_context
                0x0000000000000000        0xc /Users/Adam/code/PebbleTest/lib/libpebble.a(tmpHZgwt9pebble_os.o)
 .text.window_get_click_config_provider
                0x0000000000000000        0xc /Users/Adam/code/PebbleTest/lib/libpebble.a(tmpHZgwt9pebble_os.o)
 .text.window_set_window_handlers
                0x0000000000000000        0xc /Users/Adam/code/PebbleTest/lib/libpebble.a(tmpHZgwt9pebble_os.o)
 .text.window_get_root_layer
                0x0000000000000000        0xc /Users/Adam/code/PebbleTest/lib/libpebble.a(tmpHZgwt9pebble_os.o)
 .text.window_get_fullscreen
                0x0000000000000000        0xc /Users/Adam/code/PebbleTest/lib/libpebble.a(tmpHZgwt9pebble_os.o)
 .text.window_set_status_bar_icon
                0x0000000000000000        0xc /Users/Adam/code/PebbleTest/lib/libpebble.a(tmpHZgwt9pebble_os.o)
 .text.window_is_loaded
                0x0000000000000000        0xc /Users/Adam/code/PebbleTest/lib/libpebble.a(tmpHZgwt9pebble_os.o)
 .text.window_stack_pop
                0x0000000000000000        0xc /Users/Adam/code/PebbleTest/lib/libpebble.a(tmpHZgwt9pebble_os.o)
 .text.window_stack_pop_all
                0x0000000000000000        0xc /Users/Adam/code/PebbleTest/lib/libpebble.a(tmpHZgwt9pebble_os.o)
 .text.window_stack_contains_window
                0x0000000000000000        0xc /Users/Adam/code/PebbleTest/lib/libpebble.a(tmpHZgwt9pebble_os.o)
 .text.window_stack_get_top_window
                0x0000000000000000        0xc /Users/Adam/code/PebbleTest/lib/libpebble.a(tmpHZgwt9pebble_os.o)
 .text.window_stack_remove
                0x0000000000000000        0xc /Users/Adam/code/PebbleTest/lib/libpebble.a(tmpHZgwt9pebble_os.o)
 .text.property_animation_init
                0x0000000000000000        0xc /Users/Adam/code/PebbleTest/lib/libpebble.a(tmpHZgwt9pebble_os.o)
 .text.property_animation_update_int16
                0x0000000000000000        0xc /Users/Adam/code/PebbleTest/lib/libpebble.a(tmpHZgwt9pebble_os.o)
 .text.property_animation_update_gpoint
                0x0000000000000000        0xc /Users/Adam/code/PebbleTest/lib/libpebble.a(tmpHZgwt9pebble_os.o)
 .text.property_animation_update_grect
                0x0000000000000000        0xc /Users/Adam/code/PebbleTest/lib/libpebble.a(tmpHZgwt9pebble_os.o)
 .text.app_sync_init
                0x0000000000000000        0xc /Users/Adam/code/PebbleTest/lib/libpebble.a(tmpHZgwt9pebble_os.o)
 .text.app_sync_deinit
                0x0000000000000000        0xc /Users/Adam/code/PebbleTest/lib/libpebble.a(tmpHZgwt9pebble_os.o)
 .text.app_sync_set
                0x0000000000000000        0xc /Users/Adam/code/PebbleTest/lib/libpebble.a(tmpHZgwt9pebble_os.o)
 .text.app_sync_get
                0x0000000000000000        0xc /Users/Adam/code/PebbleTest/lib/libpebble.a(tmpHZgwt9pebble_os.o)
 .text.dict_calc_buffer_size
                0x0000000000000000        0xc /Users/Adam/code/PebbleTest/lib/libpebble.a(tmpHZgwt9pebble_os.o)
 .text.dict_write_begin
                0x0000000000000000        0xc /Users/Adam/code/PebbleTest/lib/libpebble.a(tmpHZgwt9pebble_os.o)
 .text.dict_write_data
                0x0000000000000000        0xc /Users/Adam/code/PebbleTest/lib/libpebble.a(tmpHZgwt9pebble_os.o)
 .text.dict_write_cstring
                0x0000000000000000        0xc /Users/Adam/code/PebbleTest/lib/libpebble.a(tmpHZgwt9pebble_os.o)
 .text.dict_write_int
                0x0000000000000000        0xc /Users/Adam/code/PebbleTest/lib/libpebble.a(tmpHZgwt9pebble_os.o)
 .text.dict_write_uint8
                0x0000000000000000        0xc /Users/Adam/code/PebbleTest/lib/libpebble.a(tmpHZgwt9pebble_os.o)
 .text.dict_write_uint16
                0x0000000000000000        0xc /Users/Adam/code/PebbleTest/lib/libpebble.a(tmpHZgwt9pebble_os.o)
 .text.dict_write_uint32
                0x0000000000000000        0xc /Users/Adam/code/PebbleTest/lib/libpebble.a(tmpHZgwt9pebble_os.o)
 .text.dict_write_int8
                0x0000000000000000        0xc /Users/Adam/code/PebbleTest/lib/libpebble.a(tmpHZgwt9pebble_os.o)
 .text.dict_write_int16
                0x0000000000000000        0xc /Users/Adam/code/PebbleTest/lib/libpebble.a(tmpHZgwt9pebble_os.o)
 .text.dict_write_int32
                0x0000000000000000        0xc /Users/Adam/code/PebbleTest/lib/libpebble.a(tmpHZgwt9pebble_os.o)
 .text.dict_read_begin_from_buffer
                0x0000000000000000        0xc /Users/Adam/code/PebbleTest/lib/libpebble.a(tmpHZgwt9pebble_os.o)
 .text.dict_read_next
                0x0000000000000000        0xc /Users/Adam/code/PebbleTest/lib/libpebble.a(tmpHZgwt9pebble_os.o)
 .text.dict_read_first
                0x0000000000000000        0xc /Users/Adam/code/PebbleTest/lib/libpebble.a(tmpHZgwt9pebble_os.o)
 .text.dict_serialize_tuplets
                0x0000000000000000        0xc /Users/Adam/code/PebbleTest/lib/libpebble.a(tmpHZgwt9pebble_os.o)
 .text.dict_serialize_tuplets_to_buffer
                0x0000000000000000        0xc /Users/Adam/code/PebbleTest/lib/libpebble.a(tmpHZgwt9pebble_os.o)
 .text.dict_serialize_tuplets_to_buffer_with_iter
                0x0000000000000000        0xc /Users/Adam/code/PebbleTest/lib/libpebble.a(tmpHZgwt9pebble_os.o)
 .text.dict_calc_buffer_size_from_tuplets
                0x0000000000000000        0xc /Users/Adam/code/PebbleTest/lib/libpebble.a(tmpHZgwt9pebble_os.o)
 .text.dict_merge
                0x0000000000000000        0xc /Users/Adam/code/PebbleTest/lib/libpebble.a(tmpHZgwt9pebble_os.o)
 .text.dict_find
                0x0000000000000000        0xc /Users/Adam/code/PebbleTest/lib/libpebble.a(tmpHZgwt9pebble_os.o)
 .text.action_bar_layer_init
                0x0000000000000000        0xc /Users/Adam/code/PebbleTest/lib/libpebble.a(tmpHZgwt9pebble_os.o)
 .text.action_bar_layer_set_context
                0x0000000000000000        0xc /Users/Adam/code/PebbleTest/lib/libpebble.a(tmpHZgwt9pebble_os.o)
 .text.action_bar_layer_set_click_config_provider
                0x0000000000000000        0xc /Users/Adam/code/PebbleTest/lib/libpebble.a(tmpHZgwt9pebble_os.o)
 .text.action_bar_layer_set_icon
                0x0000000000000000        0xc /Users/Adam/code/PebbleTest/lib/libpebble.a(tmpHZgwt9pebble_os.o)
 .text.action_bar_layer_clear_icon
                0x0000000000000000        0xc /Users/Adam/code/PebbleTest/lib/libpebble.a(tmpHZgwt9pebble_os.o)
 .text.action_bar_layer_add_to_window
                0x0000000000000000        0xc /Users/Adam/code/PebbleTest/lib/libpebble.a(tmpHZgwt9pebble_os.o)
 .text.action_bar_layer_remove_from_window
                0x0000000000000000        0xc /Users/Adam/code/PebbleTest/lib/libpebble.a(tmpHZgwt9pebble_os.o)
 .text.action_bar_layer_set_background_color
                0x0000000000000000        0xc /Users/Adam/code/PebbleTest/lib/libpebble.a(tmpHZgwt9pebble_os.o)
 .text.number_window_init
                0x0000000000000000        0xc /Users/Adam/code/PebbleTest/lib/libpebble.a(tmpHZgwt9pebble_os.o)
 .text.number_window_set_label
                0x0000000000000000        0xc /Users/Adam/code/PebbleTest/lib/libpebble.a(tmpHZgwt9pebble_os.o)
 .text.number_window_set_max
                0x0000000000000000        0xc /Users/Adam/code/PebbleTest/lib/libpebble.a(tmpHZgwt9pebble_os.o)
 .text.number_window_set_min
                0x0000000000000000        0xc /Users/Adam/code/PebbleTest/lib/libpebble.a(tmpHZgwt9pebble_os.o)
 .text.number_window_set_value
                0x0000000000000000        0xc /Users/Adam/code/PebbleTest/lib/libpebble.a(tmpHZgwt9pebble_os.o)
 .text.number_window_set_step_size
                0x0000000000000000        0xc /Users/Adam/code/PebbleTest/lib/libpebble.a(tmpHZgwt9pebble_os.o)
 .text.number_window_get_value
                0x0000000000000000        0xc /Users/Adam/code/PebbleTest/lib/libpebble.a(tmpHZgwt9pebble_os.o)
 .text.clock_copy_time_string
                0x0000000000000000        0xc /Users/Adam/code/PebbleTest/lib/libpebble.a(tmpHZgwt9pebble_os.o)
 .text.gbitmap_init_as_sub_bitmap
                0x0000000000000000        0xc /Users/Adam/code/PebbleTest/lib/libpebble.a(tmpHZgwt9pebble_os.o)
 .text.gbitmap_init_with_data
                0x0000000000000000        0xc /Users/Adam/code/PebbleTest/lib/libpebble.a(tmpHZgwt9pebble_os.o)
 .text.app_comm_set_sniff_interval
                0x0000000000000000        0xc /Users/Adam/code/PebbleTest/lib/libpebble.a(tmpHZgwt9pebble_os.o)
 .text.app_log  0x0000000000000000        0xc /Users/Adam/code/PebbleTest/lib/libpebble.a(tmpHZgwt9pebble_os.o)
 .text.graphics_draw_rect
                0x0000000000000000        0xc /Users/Adam/code/PebbleTest/lib/libpebble.a(tmpHZgwt9pebble_os.o)
 .text.vibes_cancel
                0x0000000000000000        0xc /Users/Adam/code/PebbleTest/lib/libpebble.a(tmpHZgwt9pebble_os.o)
 .text.menu_layer_get_selected_index
                0x0000000000000000        0xc /Users/Adam/code/PebbleTest/lib/libpebble.a(tmpHZgwt9pebble_os.o)
 .text.gpoint_equal
                0x0000000000000000        0xc /Users/Adam/code/PebbleTest/lib/libpebble.a(tmpHZgwt9pebble_os.o)
 .text.grect_contains_point
                0x0000000000000000        0xc /Users/Adam/code/PebbleTest/lib/libpebble.a(tmpHZgwt9pebble_os.o)
 .text.grect_align
                0x0000000000000000        0xc /Users/Adam/code/PebbleTest/lib/libpebble.a(tmpHZgwt9pebble_os.o)
 .text.grect_clip
                0x0000000000000000        0xc /Users/Adam/code/PebbleTest/lib/libpebble.a(tmpHZgwt9pebble_os.o)
 .text.grect_crop
                0x0000000000000000        0xc /Users/Adam/code/PebbleTest/lib/libpebble.a(tmpHZgwt9pebble_os.o)
 .text.grect_equal
                0x0000000000000000        0xc /Users/Adam/code/PebbleTest/lib/libpebble.a(tmpHZgwt9pebble_os.o)
 .text.grect_is_empty
                0x0000000000000000        0xc /Users/Adam/code/PebbleTest/lib/libpebble.a(tmpHZgwt9pebble_os.o)
 .text.grect_standardize
                0x0000000000000000        0xc /Users/Adam/code/PebbleTest/lib/libpebble.a(tmpHZgwt9pebble_os.o)
 .text.gsize_equal
                0x0000000000000000        0xc /Users/Adam/code/PebbleTest/lib/libpebble.a(tmpHZgwt9pebble_os.o)
 .text.rand     0x0000000000000000        0xc /Users/Adam/code/PebbleTest/lib/libpebble.a(tmpHZgwt9pebble_os.o)
 .text.srand    0x0000000000000000        0xc /Users/Adam/code/PebbleTest/lib/libpebble.a(tmpHZgwt9pebble_os.o)
 .text.snprintf
                0x0000000000000000        0xc /Users/Adam/code/PebbleTest/lib/libpebble.a(tmpHZgwt9pebble_os.o)
 .text.strcmp   0x0000000000000000        0xc /Users/Adam/code/PebbleTest/lib/libpebble.a(tmpHZgwt9pebble_os.o)
 .text.strncmp  0x0000000000000000        0xc /Users/Adam/code/PebbleTest/lib/libpebble.a(tmpHZgwt9pebble_os.o)
 .text.strcpy   0x0000000000000000        0xc /Users/Adam/code/PebbleTest/lib/libpebble.a(tmpHZgwt9pebble_os.o)
 .text.strncpy  0x0000000000000000        0xc /Users/Adam/code/PebbleTest/lib/libpebble.a(tmpHZgwt9pebble_os.o)
 .text.strcat   0x0000000000000000        0xc /Users/Adam/code/PebbleTest/lib/libpebble.a(tmpHZgwt9pebble_os.o)
 .text.strncat  0x0000000000000000        0xc /Users/Adam/code/PebbleTest/lib/libpebble.a(tmpHZgwt9pebble_os.o)
 .text.strlen   0x0000000000000000        0xc /Users/Adam/code/PebbleTest/lib/libpebble.a(tmpHZgwt9pebble_os.o)
 .text.memcpy   0x0000000000000000        0xc /Users/Adam/code/PebbleTest/lib/libpebble.a(tmpHZgwt9pebble_os.o)
 .text.memmove  0x0000000000000000        0xc /Users/Adam/code/PebbleTest/lib/libpebble.a(tmpHZgwt9pebble_os.o)
 .text.time     0x0000000000000000        0xc /Users/Adam/code/PebbleTest/lib/libpebble.a(tmpHZgwt9pebble_os.o)
 .text.time_ms  0x0000000000000000        0xc /Users/Adam/code/PebbleTest/lib/libpebble.a(tmpHZgwt9pebble_os.o)
 .text          0x0000000000000000        0x0 /Users/Adam/pebble-dev/arm-cs-tools/bin/../lib/gcc/arm-none-eabi/4.6.3/thumb2/crtend.o
 .bss           0x0000000000000000        0x0 /Users/Adam/pebble-dev/arm-cs-tools/bin/../lib/gcc/arm-none-eabi/4.6.3/thumb2/crtend.o
 .eh_frame      0x0000000000000000        0x4 /Users/Adam/pebble-dev/arm-cs-tools/bin/../lib/gcc/arm-none-eabi/4.6.3/thumb2/crtend.o
 .jcr           0x0000000000000000        0x4 /Users/Adam/pebble-dev/arm-cs-tools/bin/../lib/gcc/arm-none-eabi/4.6.3/thumb2/crtend.o
 .text          0x0000000000000000        0x0 /Users/Adam/pebble-dev/arm-cs-tools/bin/../lib/gcc/arm-none-eabi/4.6.3/thumb2/crtn.o
 .bss           0x0000000000000000        0x0 /Users/Adam/pebble-dev/arm-cs-tools/bin/../lib/gcc/arm-none-eabi/4.6.3/thumb2/crtn.o
 .init          0x0000000000000000        0x8 /Users/Adam/pebble-dev/arm-cs-tools/bin/../lib/gcc/arm-none-eabi/4.6.3/thumb2/crtn.o
 .fini          0x0000000000000000        0x8 /Users/Adam/pebble-dev/arm-cs-tools/bin/../lib/gcc/arm-none-eabi/4.6.3/thumb2/crtn.o

Memory Configuration

Name             Origin             Length             Attributes
APP              0x0000000000000000 0x0000000000006000 xrw
*default*        0x0000000000000000 0xffffffffffffffff

Linker script and memory map

LOAD /Users/Adam/pebble-dev/arm-cs-tools/bin/../lib/gcc/arm-none-eabi/4.6.3/thumb2/crti.o
LOAD /Users/Adam/pebble-dev/arm-cs-tools/bin/../lib/gcc/arm-none-eabi/4.6.3/thumb2/crtbegin.o
LOAD src/alerta.c.1.o
LOAD src/http.c.1.o
LOAD src/mini-printf.c.1.o
LOAD /Users/Adam/code/PebbleTest/lib/libpebble.a
START GROUP
LOAD /Users/Adam/pebble-dev/arm-cs-tools/bin/../lib/gcc/arm-none-eabi/4.6.3/thumb2/libgcc.a
LOAD /Users/Adam/pebble-dev/arm-cs-tools/bin/../lib/gcc/arm-none-eabi/4.6.3/../../../../arm-none-eabi/lib/thumb2/libc.a
END GROUP
LOAD /Users/Adam/pebble-dev/arm-cs-tools/bin/../lib/gcc/arm-none-eabi/4.6.3/thumb2/crtend.o
LOAD /Users/Adam/pebble-dev/arm-cs-tools/bin/../lib/gcc/arm-none-eabi/4.6.3/thumb2/crtn.o

.header         0x0000000000000000       0x7c
 *(.pbl_header)
 .pbl_header    0x0000000000000000       0x7c src/alerta.c.1.o
                0x0000000000000000                __pbl_app_info

.rodata         0x000000000000007c        0x8
 .rodata        0x000000000000007c        0x8 src/alerta.c.1.o

.rodata.APP_RESOURCES
                0x0000000000000084       0x18
 .rodata.APP_RESOURCES
                0x0000000000000084       0x18 src/alerta.c.1.o

.rodata.str1.1  0x000000000000009c       0x6e
 .rodata.str1.1
                0x000000000000009c       0x6e src/alerta.c.1.o

.text           0x000000000000010c       0x14
 *(.text)
 .text          0x000000000000010c       0x14 /Users/Adam/code/PebbleTest/lib/libpebble.a(tmpHZgwt9pebble_os.o)

.glue_7         0x0000000000000120        0x0
 .glue_7        0x0000000000000000        0x0 linker stubs

.glue_7t        0x0000000000000120        0x0
 .glue_7t       0x0000000000000000        0x0 linker stubs

.vfp11_veneer   0x0000000000000120        0x0
 .vfp11_veneer  0x0000000000000000        0x0 linker stubs

.v4_bx          0x0000000000000120        0x0
 .v4_bx         0x0000000000000000        0x0 linker stubs

.iplt           0x0000000000000120        0x0
 .iplt          0x0000000000000000        0x0 /Users/Adam/pebble-dev/arm-cs-tools/bin/../lib/gcc/arm-none-eabi/4.6.3/thumb2/crti.o

.text.config_provider
                0x0000000000000120       0x34
 .text.config_provider
                0x0000000000000120       0x34 src/alerta.c.1.o
                0x0000000000000120                config_provider

.text.up_single_click_handler
                0x0000000000000154        0x2
 .text.up_single_click_handler
                0x0000000000000154        0x2 src/alerta.c.1.o
                0x0000000000000154                up_single_click_handler

.text.down_single_click_handler
                0x0000000000000156        0x2
 .text.down_single_click_handler
                0x0000000000000156        0x2 src/alerta.c.1.o
                0x0000000000000156                down_single_click_handler

.text.handle_tick
                0x0000000000000158        0x2
 .text.handle_tick
                0x0000000000000158        0x2 src/alerta.c.1.o
                0x0000000000000158                handle_tick

.text.handle_deinit
                0x000000000000015c       0x14
 .text.handle_deinit
                0x000000000000015c       0x14 src/alerta.c.1.o
                0x000000000000015c                handle_deinit

.text.app_received_msg
                0x0000000000000170       0x1c
 .text.app_received_msg
                0x0000000000000170       0x1c src/alerta.c.1.o

.text.app_send_failed
                0x000000000000018c       0x1c
 .text.app_send_failed
                0x000000000000018c       0x1c src/alerta.c.1.o

.text.select_single_click_handler
                0x00000000000001a8       0x58
 .text.select_single_click_handler
                0x00000000000001a8       0x58 src/alerta.c.1.o
                0x00000000000001a8                select_single_click_handler

.text.register_callbacks
                0x0000000000000200       0x68
 .text.register_callbacks
                0x0000000000000200       0x68 src/alerta.c.1.o
                0x0000000000000200                register_callbacks

.text.handle_init
                0x0000000000000268       0xc0
 .text.handle_init
                0x0000000000000268       0xc0 src/alerta.c.1.o
                0x0000000000000268                handle_init

.text.pbl_main  0x0000000000000328       0x4c
 .text.pbl_main
                0x0000000000000328       0x4c src/alerta.c.1.o
                0x0000000000000328                pbl_main

.text.app_event_loop
                0x0000000000000374        0xc
 .text.app_event_loop
                0x0000000000000374        0xc /Users/Adam/code/PebbleTest/lib/libpebble.a(tmpHZgwt9pebble_os.o)
                0x0000000000000374                app_event_loop

.text.bmp_init_container
                0x0000000000000380        0xc
 .text.bmp_init_container
                0x0000000000000380        0xc /Users/Adam/code/PebbleTest/lib/libpebble.a(tmpHZgwt9pebble_os.o)
                0x0000000000000380                bmp_init_container

.text.bmp_deinit_container
                0x000000000000038c        0xc
 .text.bmp_deinit_container
                0x000000000000038c        0xc /Users/Adam/code/PebbleTest/lib/libpebble.a(tmpHZgwt9pebble_os.o)
                0x000000000000038c                bmp_deinit_container

.text.fonts_get_system_font
                0x0000000000000398        0xc
 .text.fonts_get_system_font
                0x0000000000000398        0xc /Users/Adam/code/PebbleTest/lib/libpebble.a(tmpHZgwt9pebble_os.o)
                0x0000000000000398                fonts_get_system_font

.text.layer_add_child
                0x00000000000003a4        0xc
 .text.layer_add_child
                0x00000000000003a4        0xc /Users/Adam/code/PebbleTest/lib/libpebble.a(tmpHZgwt9pebble_os.o)
                0x00000000000003a4                layer_add_child

.text.resource_init_current_app
                0x00000000000003b0        0xc
 .text.resource_init_current_app
                0x00000000000003b0        0xc /Users/Adam/code/PebbleTest/lib/libpebble.a(tmpHZgwt9pebble_os.o)
                0x00000000000003b0                resource_init_current_app

.text.window_init
                0x00000000000003bc        0xc
 .text.window_init
                0x00000000000003bc        0xc /Users/Adam/code/PebbleTest/lib/libpebble.a(tmpHZgwt9pebble_os.o)
                0x00000000000003bc                window_init

.text.window_stack_push
                0x00000000000003c8        0xc
 .text.window_stack_push
                0x00000000000003c8        0xc /Users/Adam/code/PebbleTest/lib/libpebble.a(tmpHZgwt9pebble_os.o)
                0x00000000000003c8                window_stack_push

.text.window_set_click_config_provider
                0x00000000000003d4        0xc
 .text.window_set_click_config_provider
                0x00000000000003d4        0xc /Users/Adam/code/PebbleTest/lib/libpebble.a(tmpHZgwt9pebble_os.o)
                0x00000000000003d4                window_set_click_config_provider

.text.text_layer_init
                0x00000000000003e0        0xc
 .text.text_layer_init
                0x00000000000003e0        0xc /Users/Adam/code/PebbleTest/lib/libpebble.a(tmpHZgwt9pebble_os.o)
                0x00000000000003e0                text_layer_init

.text.text_layer_set_text
                0x00000000000003ec        0xc
 .text.text_layer_set_text
                0x00000000000003ec        0xc /Users/Adam/code/PebbleTest/lib/libpebble.a(tmpHZgwt9pebble_os.o)
                0x00000000000003ec                text_layer_set_text

.text.text_layer_set_font
                0x00000000000003f8        0xc
 .text.text_layer_set_font
                0x00000000000003f8        0xc /Users/Adam/code/PebbleTest/lib/libpebble.a(tmpHZgwt9pebble_os.o)
                0x00000000000003f8                text_layer_set_font

.text.text_layer_set_text_alignment
                0x0000000000000404        0xc
 .text.text_layer_set_text_alignment
                0x0000000000000404        0xc /Users/Adam/code/PebbleTest/lib/libpebble.a(tmpHZgwt9pebble_os.o)
                0x0000000000000404                text_layer_set_text_alignment

.text.app_message_register_callbacks
                0x0000000000000410        0xc
 .text.app_message_register_callbacks
                0x0000000000000410        0xc /Users/Adam/code/PebbleTest/lib/libpebble.a(tmpHZgwt9pebble_os.o)
                0x0000000000000410                app_message_register_callbacks

.text.app_message_deregister_callbacks
                0x000000000000041c        0xc
 .text.app_message_deregister_callbacks
                0x000000000000041c        0xc /Users/Adam/code/PebbleTest/lib/libpebble.a(tmpHZgwt9pebble_os.o)
                0x000000000000041c                app_message_deregister_callbacks

.text.app_message_out_get
                0x0000000000000428        0xc
 .text.app_message_out_get
                0x0000000000000428        0xc /Users/Adam/code/PebbleTest/lib/libpebble.a(tmpHZgwt9pebble_os.o)
                0x0000000000000428                app_message_out_get

.text.app_message_out_send
                0x0000000000000434        0xc
 .text.app_message_out_send
                0x0000000000000434        0xc /Users/Adam/code/PebbleTest/lib/libpebble.a(tmpHZgwt9pebble_os.o)
                0x0000000000000434                app_message_out_send

.text.app_message_out_release
                0x0000000000000440        0xc
 .text.app_message_out_release
                0x0000000000000440        0xc /Users/Adam/code/PebbleTest/lib/libpebble.a(tmpHZgwt9pebble_os.o)
                0x0000000000000440                app_message_out_release

.text.dict_write_end
                0x000000000000044c        0xc
 .text.dict_write_end
                0x000000000000044c        0xc /Users/Adam/code/PebbleTest/lib/libpebble.a(tmpHZgwt9pebble_os.o)
                0x000000000000044c                dict_write_end

.text.dict_write_tuplet
                0x0000000000000458        0xc
 .text.dict_write_tuplet
                0x0000000000000458        0xc /Users/Adam/code/PebbleTest/lib/libpebble.a(tmpHZgwt9pebble_os.o)
                0x0000000000000458                dict_write_tuplet

.text.memset    0x0000000000000464        0xc
 .text.memset   0x0000000000000464        0xc /Users/Adam/code/PebbleTest/lib/libpebble.a(tmpHZgwt9pebble_os.o)
                0x0000000000000464                memset

.rel.dyn        0x0000000000000470        0x0
 .rel.iplt      0x0000000000000000        0x0 /Users/Adam/pebble-dev/arm-cs-tools/bin/../lib/gcc/arm-none-eabi/4.6.3/thumb2/crti.o
 .rel.got       0x0000000000000000        0x0 /Users/Adam/pebble-dev/arm-cs-tools/bin/../lib/gcc/arm-none-eabi/4.6.3/thumb2/crti.o

.data           0x0000000000000470        0x4
 *(.data)
 .data          0x0000000000000470        0x0 /Users/Adam/pebble-dev/arm-cs-tools/bin/../lib/gcc/arm-none-eabi/4.6.3/thumb2/crti.o
 .data          0x0000000000000470        0x4 /Users/Adam/pebble-dev/arm-cs-tools/bin/../lib/gcc/arm-none-eabi/4.6.3/thumb2/crtbegin.o
                0x0000000000000470                __dso_handle
 .data          0x0000000000000474        0x0 src/alerta.c.1.o
 .data          0x0000000000000474        0x0 src/http.c.1.o
 .data          0x0000000000000474        0x0 src/mini-printf.c.1.o
 .data          0x0000000000000474        0x0 /Users/Adam/code/PebbleTest/lib/libpebble.a(tmpHZgwt9pebble_os.o)
 .data          0x0000000000000474        0x0 /Users/Adam/pebble-dev/arm-cs-tools/bin/../lib/gcc/arm-none-eabi/4.6.3/thumb2/crtend.o
 .data          0x0000000000000474        0x0 /Users/Adam/pebble-dev/arm-cs-tools/bin/../lib/gcc/arm-none-eabi/4.6.3/thumb2/crtn.o

.igot.plt       0x0000000000000474        0x0
 .igot.plt      0x0000000000000000        0x0 /Users/Adam/pebble-dev/arm-cs-tools/bin/../lib/gcc/arm-none-eabi/4.6.3/thumb2/crti.o

.got            0x0000000000000474        0xc
 .got           0x0000000000000474        0xc /Users/Adam/pebble-dev/arm-cs-tools/bin/../lib/gcc/arm-none-eabi/4.6.3/thumb2/crti.o

.got.plt        0x0000000000000480        0xc
 .got.plt       0x0000000000000480        0xc /Users/Adam/pebble-dev/arm-cs-tools/bin/../lib/gcc/arm-none-eabi/4.6.3/thumb2/crti.o
                0x0000000000000480                _GLOBAL_OFFSET_TABLE_

.bss            0x000000000000048c       0xec
 *(.bss)
 COMMON         0x000000000000048c       0xec src/alerta.c.1.o
                0x000000000000048c                timer_handle
                0x0000000000000490                rapeText
                0x00000000000004c8                image
                0x000000000000050c                str
                0x0000000000000520                window

.bss.app_callbacks
                0x0000000000000578       0x1c
 .bss.app_callbacks
                0x0000000000000578       0x1c src/alerta.c.1.o

.bss.callbacks_registered
                0x0000000000000594        0x1
 .bss.callbacks_registered
                0x0000000000000594        0x1 src/alerta.c.1.o

DISCARD
 libc.a(*)
 libm.a(*)
 libgcc.a(*)
 *(.eh_frame)
OUTPUT(/Users/Adam/code/PebbleTest/build/pebble-app.elf elf32-littlearm)

.ARM.attributes
                0x0000000000000000       0x27
 .ARM.attributes
                0x0000000000000000       0x1b /Users/Adam/pebble-dev/arm-cs-tools/bin/../lib/gcc/arm-none-eabi/4.6.3/thumb2/crti.o
 .ARM.attributes
                0x000000000000001b       0x2b /Users/Adam/pebble-dev/arm-cs-tools/bin/../lib/gcc/arm-none-eabi/4.6.3/thumb2/crtbegin.o
 .ARM.attributes
                0x0000000000000046       0x33 src/alerta.c.1.o
 .ARM.attributes
                0x0000000000000079       0x33 src/http.c.1.o
 .ARM.attributes
                0x00000000000000ac       0x33 src/mini-printf.c.1.o
 .ARM.attributes
                0x00000000000000df       0x21 /Users/Adam/code/PebbleTest/lib/libpebble.a(tmpHZgwt9pebble_os.o)
 .ARM.attributes
                0x0000000000000100       0x2b /Users/Adam/pebble-dev/arm-cs-tools/bin/../lib/gcc/arm-none-eabi/4.6.3/thumb2/crtend.o
 .ARM.attributes
                0x000000000000012b       0x1b /Users/Adam/pebble-dev/arm-cs-tools/bin/../lib/gcc/arm-none-eabi/4.6.3/thumb2/crtn.o

.comment        0x0000000000000000       0x4e
 .comment       0x0000000000000000       0x4e /Users/Adam/pebble-dev/arm-cs-tools/bin/../lib/gcc/arm-none-eabi/4.6.3/thumb2/crtbegin.o
                                         0x4f (size before relaxing)
 .comment       0x0000000000000000       0x4f src/alerta.c.1.o
 .comment       0x0000000000000000       0x4f src/http.c.1.o
 .comment       0x0000000000000000       0x4f src/mini-printf.c.1.o
 .comment       0x0000000000000000       0x4f /Users/Adam/pebble-dev/arm-cs-tools/bin/../lib/gcc/arm-none-eabi/4.6.3/thumb2/crtend.o

.debug_line     0x0000000000000000      0x8e5
 .debug_line    0x0000000000000000       0x71 /Users/Adam/pebble-dev/arm-cs-tools/bin/../lib/gcc/arm-none-eabi/4.6.3/thumb2/crti.o
 .debug_line    0x0000000000000071      0x261 src/alerta.c.1.o
 .debug_line    0x00000000000002d2      0x3d8 src/http.c.1.o
 .debug_line    0x00000000000006aa      0x1c6 src/mini-printf.c.1.o
 .debug_line    0x0000000000000870       0x75 /Users/Adam/pebble-dev/arm-cs-tools/bin/../lib/gcc/arm-none-eabi/4.6.3/thumb2/crtn.o

.debug_info     0x0000000000000000     0x2fa2
 .debug_info    0x0000000000000000       0xb2 /Users/Adam/pebble-dev/arm-cs-tools/bin/../lib/gcc/arm-none-eabi/4.6.3/thumb2/crti.o
 .debug_info    0x00000000000000b2     0x1731 src/alerta.c.1.o
 .debug_info    0x00000000000017e3     0x132a src/http.c.1.o
 .debug_info    0x0000000000002b0d      0x3e3 src/mini-printf.c.1.o
 .debug_info    0x0000000000002ef0       0xb2 /Users/Adam/pebble-dev/arm-cs-tools/bin/../lib/gcc/arm-none-eabi/4.6.3/thumb2/crtn.o

.debug_abbrev   0x0000000000000000      0x7c4
 .debug_abbrev  0x0000000000000000       0x12 /Users/Adam/pebble-dev/arm-cs-tools/bin/../lib/gcc/arm-none-eabi/4.6.3/thumb2/crti.o
 .debug_abbrev  0x0000000000000012      0x2bf src/alerta.c.1.o
 .debug_abbrev  0x00000000000002d1      0x319 src/http.c.1.o
 .debug_abbrev  0x00000000000005ea      0x1c8 src/mini-printf.c.1.o
 .debug_abbrev  0x00000000000007b2       0x12 /Users/Adam/pebble-dev/arm-cs-tools/bin/../lib/gcc/arm-none-eabi/4.6.3/thumb2/crtn.o

.debug_aranges  0x0000000000000000      0x1f8
 .debug_aranges
                0x0000000000000000       0x28 /Users/Adam/pebble-dev/arm-cs-tools/bin/../lib/gcc/arm-none-eabi/4.6.3/thumb2/crti.o
 .debug_aranges
                0x0000000000000028       0x80 src/alerta.c.1.o
 .debug_aranges
                0x00000000000000a8       0xe8 src/http.c.1.o
 .debug_aranges
                0x0000000000000190       0x40 src/mini-printf.c.1.o
 .debug_aranges
                0x00000000000001d0       0x28 /Users/Adam/pebble-dev/arm-cs-tools/bin/../lib/gcc/arm-none-eabi/4.6.3/thumb2/crtn.o

.debug_ranges   0x0000000000000000      0x278
 .debug_ranges  0x0000000000000000       0x20 /Users/Adam/pebble-dev/arm-cs-tools/bin/../lib/gcc/arm-none-eabi/4.6.3/thumb2/crti.o
 .debug_ranges  0x0000000000000020       0x70 src/alerta.c.1.o
 .debug_ranges  0x0000000000000090      0x180 src/http.c.1.o
 .debug_ranges  0x0000000000000210       0x48 src/mini-printf.c.1.o
 .debug_ranges  0x0000000000000258       0x20 /Users/Adam/pebble-dev/arm-cs-tools/bin/../lib/gcc/arm-none-eabi/4.6.3/thumb2/crtn.o

.debug_loc      0x0000000000000000     0x1596
 .debug_loc     0x0000000000000000      0x1ba src/alerta.c.1.o
 .debug_loc     0x00000000000001ba      0xeef src/http.c.1.o
 .debug_loc     0x00000000000010a9      0x4ed src/mini-printf.c.1.o

.debug_str      0x0000000000000000     0x1543
 .debug_str     0x0000000000000000      0xddb src/alerta.c.1.o
                                        0xf13 (size before relaxing)
 .debug_str     0x0000000000000ddb      0x6bb src/http.c.1.o
                                        0xa9e (size before relaxing)
 .debug_str     0x0000000000001496       0xad src/mini-printf.c.1.o
                                        0x179 (size before relaxing)

.debug_frame    0x0000000000000000      0x4dc
 .debug_frame   0x0000000000000000      0x12c src/alerta.c.1.o
 .debug_frame   0x000000000000012c      0x308 src/http.c.1.o
 .debug_frame   0x0000000000000434       0xa8 src/mini-printf.c.1.o
